// Jest Snapshot v1, https://goo.gl/fbAQLP

exports[`ModalCloseButton Render and props test Snapshots matches snapshot 1`] = `
<body>
  <div>
    <div
      class="makeStyles-root-1"
    >
      <button
        class="MuiButtonBase-root MuiIconButton-root MuiIconButton-colorSecondary"
        tabindex="0"
        type="button"
      >
        <span
          class="MuiIconButton-label"
        >
          <svg
            aria-hidden="true"
            class="MuiSvgIcon-root"
            focusable="false"
            viewBox="0 0 24 24"
          >
            <path
              d="M19 6.41L17.59 5 12 10.59 6.41 5 5 6.41 10.59 12 5 17.59 6.41 19 12 13.41 17.59 19 19 17.59 13.41 12z"
            />
          </svg>
        </span>
        <span
          class="MuiTouchRipple-root"
        />
      </button>
    </div>
  </div>
</body>
`;
