// Jest Snapshot v1, https://goo.gl/fbAQLP

exports[`IModal Render and props test Snapshots matches snapshot 1`] = `
<body
  style="padding-right: 0px; overflow: hidden;"
>
  <div
    aria-hidden="true"
  />
  <div
    aria-describedby="simple-modal-description"
    aria-labelledby="simple-modal-title"
    class="makeStyles-modal-1"
    role="presentation"
    style="position: fixed; z-index: 1300; right: 0px; bottom: 0px; top: 0px; left: 0px;"
  >
    <div
      aria-hidden="true"
      style="z-index: -1; position: fixed; right: 0px; bottom: 0px; top: 0px; left: 0px; background-color: rgba(0, 0, 0, 0.5);"
    />
    <div
      data-test="sentinelStart"
      tabindex="0"
    />
    <div
      class="makeStyles-wrapper-2"
      tabindex="-1"
    >
      <div
        class="makeStyles-root-3"
      >
        <button
          aria-label="Закрыть модальное окно."
          class="MuiButtonBase-root MuiIconButton-root MuiIconButton-colorSecondary"
          tabindex="0"
          type="button"
        >
          <span
            class="MuiIconButton-label"
          >
            <svg
              aria-hidden="true"
              class="MuiSvgIcon-root"
              focusable="false"
              viewBox="0 0 24 24"
            >
              <path
                d="M19 6.41L17.59 5 12 10.59 6.41 5 5 6.41 10.59 12 5 17.59 6.41 19 12 13.41 17.59 19 19 17.59 13.41 12z"
              />
            </svg>
          </span>
          <span
            class="MuiTouchRipple-root"
          />
        </button>
      </div>
      <div
        style="width: 300px; height: 200px; text-align: center; background-color: white; padding: 20px;"
      >
        <p>
          Hello.
        </p>
      </div>
    </div>
    <div
      data-test="sentinelEnd"
      tabindex="0"
    />
  </div>
</body>
`;
